--- 
en: 
  air: 
    text_title_html: "Zoodles: A safe Kid Modeâ„¢ for every device"