--- 
fr: 
  controllers: 
    application_controller: 
      error_account_closed: "Le >"
      error_facebook: " "
    collection_controller: 
      error_collection: " "
